// Jest Snapshot v1, https://goo.gl/fbAQLP

exports[`Home component matches snapshot 1`] = `
<div
  className="home"
>
  <h2>
    Welcome to you, 
    <span
      className="home__username"
    >
      test first name
    </span>
  </h2>
</div>
`;
