// Jest Snapshot v1, https://goo.gl/fbAQLP

exports[`Signup form component User is not logged in matches snapshot 1`] = `
<div
  className="signup-form"
>
  <h1>
    Signup here:
  </h1>
  <div
    className="signup-form__element"
  >
    <label
      htmlFor="firstName"
    >
      First Name
    </label>
    <input
      className="signup-form__input"
      id="firstName"
      onChange={[Function]}
      type="text"
      value=""
    />
  </div>
  <div
    className="signup-form__element"
  >
    <label
      htmlFor="lastName"
    >
      Last Name
    </label>
    <input
      className="signup-form__input"
      id="lastName"
      onChange={[Function]}
      type="text"
      value=""
    />
  </div>
  <div
    className="signup-form__element"
  >
    <label
      htmlFor="email"
    >
      Email
    </label>
    <input
      className="signup-form__input"
      id="email"
      onChange={[Function]}
      type="email"
      value=""
    />
  </div>
  <div
    className="signup-form__element"
  >
    <label
      htmlFor="password"
    >
      Password
    </label>
    <input
      className="signup-form__input"
      id="password"
      onChange={[Function]}
      type="password"
      value=""
    />
  </div>
  <button
    onClick={[Function]}
  >
    Submit
  </button>
</div>
`;
